Pi Telegram file-send test
created 2026-09-02T17:13:11Z
